2015/05/08 16:48:34 [I] wwwwww
2015/05/08 16:49:34 [I] wwwwww
2015/05/08 16:51:56 [I] server start [::]:10010
